<?xml version="1.0" encoding="UTF-8"?>
<testsuites name="bun test" tests="338" assertions="625" failures="3" skipped="0" time="0.272170978">
  <testsuite name="src/utils/auth.test.ts" tests="4" assertions="4" failures="0" skipped="0" time="0" hostname="devbox">
    <testcase name="should return the user ID when req.auth.payload.sub exists" classname="getUserId" time="0.000078" file="src/utils/auth.test.ts" assertions="1" />
    <testcase name="should return undefined when req.auth is missing" classname="getUserId" time="0.00004" file="src/utils/auth.test.ts" assertions="1" />
    <testcase name="should return undefined when req.auth.payload is missing" classname="getUserId" time="0.000017" file="src/utils/auth.test.ts" assertions="1" />
    <testcase name="should return undefined when req.auth.payload.sub is missing" classname="getUserId" time="0.000024" file="src/utils/auth.test.ts" assertions="1" />
  </testsuite>
  <testsuite name="src/admin/auth.test.ts" tests="4" assertions="8" failures="0" skipped="0" time="0.01" hostname="devbox">
    <testcase name="should generate a valid JWT with the correct payload and expiration" classname="Admin Auth - generateAdminToken" time="0.006269" file="src/admin/auth.test.ts" assertions="5" />
    <testcase name="should return true when required env variables are present" classname="Admin Auth - isAdminConfigured" time="0.003572" file="src/admin/auth.test.ts" assertions="1" />
    <testcase name="should throw an error on module load if ADMIN_SECRET and ADMIN_SECRET_CODE are missing" classname="Admin Auth - isAdminConfigured" time="0.001182" file="src/admin/auth.test.ts" assertions="1" />
    <testcase name="should throw an error on module load if ADMIN_JWT_SECRET is missing" classname="Admin Auth - isAdminConfigured" time="0.000831" file="src/admin/auth.test.ts" assertions="1" />
  </testsuite>
  <testsuite name="src/admin/middleware.test.ts" tests="8" assertions="28" failures="0" skipped="0" time="0" hostname="devbox">
    <testcase name="should return 401 when authorization header is missing" classname="requireAdminAuth &amp;gt; Admin Middleware" time="0.000149" file="src/admin/middleware.test.ts" assertions="3" />
    <testcase name="should return 401 when authorization header does not start with &quot;Bearer &quot;" classname="requireAdminAuth &amp;gt; Admin Middleware" time="0.00005" file="src/admin/middleware.test.ts" assertions="3" />
    <testcase name="should return 401 when token is missing but &quot;Bearer &quot; is present" classname="requireAdminAuth &amp;gt; Admin Middleware" time="0.000043" file="src/admin/middleware.test.ts" assertions="3" />
    <testcase name="should return 401 when token is present but invalid" classname="requireAdminAuth &amp;gt; Admin Middleware" time="0.000058" file="src/admin/middleware.test.ts" assertions="4" />
    <testcase name="should call next and attach payload when token is valid" classname="requireAdminAuth &amp;gt; Admin Middleware" time="0.000056" file="src/admin/middleware.test.ts" assertions="4" />
    <testcase name="should call next and not attach payload when authorization header is missing" classname="optionalAdminAuth &amp;gt; Admin Middleware" time="0.00005" file="src/admin/middleware.test.ts" assertions="3" />
    <testcase name="should call next and not attach payload when token is invalid" classname="optionalAdminAuth &amp;gt; Admin Middleware" time="0.000036" file="src/admin/middleware.test.ts" assertions="4" />
    <testcase name="should call next and attach payload when token is valid" classname="optionalAdminAuth &amp;gt; Admin Middleware" time="0.000035" file="src/admin/middleware.test.ts" assertions="4" />
  </testsuite>
  <testsuite name="dist/utils/auth.test.js" tests="4" assertions="4" failures="0" skipped="0" time="0" hostname="devbox">
    <testcase name="should return the user ID when req.auth.payload.sub exists" classname="getUserId" time="0.000049" file="dist/utils/auth.test.js" assertions="1" />
    <testcase name="should return undefined when req.auth is missing" classname="getUserId" time="0.000019" file="dist/utils/auth.test.js" assertions="1" />
    <testcase name="should return undefined when req.auth.payload is missing" classname="getUserId" time="0.000017" file="dist/utils/auth.test.js" assertions="1" />
    <testcase name="should return undefined when req.auth.payload.sub is missing" classname="getUserId" time="0.00002" file="dist/utils/auth.test.js" assertions="1" />
  </testsuite>
  <testsuite name="dist/admin/auth.test.js" tests="4" assertions="8" failures="0" skipped="0" time="0.001" hostname="devbox">
    <testcase name="should generate a valid JWT with the correct payload and expiration" classname="Admin Auth - generateAdminToken" time="0.000413" file="dist/admin/auth.test.js" assertions="5" />
    <testcase name="should return true when required env variables are present" classname="Admin Auth - isAdminConfigured" time="0.001022" file="dist/admin/auth.test.js" assertions="1" />
    <testcase name="should throw an error on module load if ADMIN_SECRET and ADMIN_SECRET_CODE are missing" classname="Admin Auth - isAdminConfigured" time="0.000665" file="dist/admin/auth.test.js" assertions="1" />
    <testcase name="should throw an error on module load if ADMIN_JWT_SECRET is missing" classname="Admin Auth - isAdminConfigured" time="0.000482" file="dist/admin/auth.test.js" assertions="1" />
  </testsuite>
  <testsuite name="dist/admin/middleware.test.js" tests="8" assertions="28" failures="0" skipped="0" time="0" hostname="devbox">
    <testcase name="should return 401 when authorization header is missing" classname="requireAdminAuth &amp;gt; Admin Middleware" time="0.00016" file="dist/admin/middleware.test.js" assertions="3" />
    <testcase name="should return 401 when authorization header does not start with &quot;Bearer &quot;" classname="requireAdminAuth &amp;gt; Admin Middleware" time="0.000045" file="dist/admin/middleware.test.js" assertions="3" />
    <testcase name="should return 401 when token is missing but &quot;Bearer &quot; is present" classname="requireAdminAuth &amp;gt; Admin Middleware" time="0.00004" file="dist/admin/middleware.test.js" assertions="3" />
    <testcase name="should return 401 when token is present but invalid" classname="requireAdminAuth &amp;gt; Admin Middleware" time="0.000063" file="dist/admin/middleware.test.js" assertions="4" />
    <testcase name="should call next and attach payload when token is valid" classname="requireAdminAuth &amp;gt; Admin Middleware" time="0.000044" file="dist/admin/middleware.test.js" assertions="4" />
    <testcase name="should call next and not attach payload when authorization header is missing" classname="optionalAdminAuth &amp;gt; Admin Middleware" time="0.000049" file="dist/admin/middleware.test.js" assertions="3" />
    <testcase name="should call next and not attach payload when token is invalid" classname="optionalAdminAuth &amp;gt; Admin Middleware" time="0.000035" file="dist/admin/middleware.test.js" assertions="4" />
    <testcase name="should call next and attach payload when token is valid" classname="optionalAdminAuth &amp;gt; Admin Middleware" time="0.000162" file="dist/admin/middleware.test.js" assertions="4" />
  </testsuite>
  <testsuite name="src/services/cache/localStore.test.ts" tests="10" assertions="25" failures="0" skipped="0" time="0.001" hostname="devbox">
    <testcase name="should set and get a value" classname="getLocalValue and setLocalValue &amp;gt; localStore" time="0.000368" file="src/services/cache/localStore.test.ts" assertions="1" />
    <testcase name="should return undefined for non-existent key" classname="getLocalValue and setLocalValue &amp;gt; localStore" time="0.000022" file="src/services/cache/localStore.test.ts" assertions="1" />
    <testcase name="should pass ttlSeconds to the underlying node-cache instance" classname="getLocalValue and setLocalValue &amp;gt; localStore" time="0.001082" file="src/services/cache/localStore.test.ts" assertions="1" />
    <testcase name="should delete a specific key" classname="delLocalValue &amp;gt; localStore" time="0.000302" file="src/services/cache/localStore.test.ts" assertions="3" />
    <testcase name="should return 0 when deleting a non-existent key" classname="delLocalValue &amp;gt; localStore" time="0.000067" file="src/services/cache/localStore.test.ts" assertions="1" />
    <testcase name="should handle an empty store safely and return 0" classname="delLocalByPattern &amp;gt; localStore" time="0.00014" file="src/services/cache/localStore.test.ts" assertions="1" />
    <testcase name="should return 0 and leave existing keys intact when no keys match the pattern" classname="delLocalByPattern &amp;gt; localStore" time="0.000129" file="src/services/cache/localStore.test.ts" assertions="4" />
    <testcase name="should delete multiple keys that match the pattern and leave non-matching keys intact" classname="delLocalByPattern &amp;gt; localStore" time="0.000102" file="src/services/cache/localStore.test.ts" assertions="6" />
    <testcase name="should return the correct key count" classname="clearLocalStore and getLocalStoreKeyCount &amp;gt; localStore" time="0.000042" file="src/services/cache/localStore.test.ts" assertions="3" />
    <testcase name="should clear the entire store" classname="clearLocalStore and getLocalStoreKeyCount &amp;gt; localStore" time="0.000055" file="src/services/cache/localStore.test.ts" assertions="4" />
  </testsuite>
  <testsuite name="src/cinematch/search/bm25.test.ts" tests="4" assertions="19" failures="0" skipped="0" time="0.001" hostname="devbox">
    <testcase name="should tokenize text, lowercase, remove punctuation and filter stopwords" classname="tokenize &amp;gt; BM25 Search" time="0.000186" file="src/cinematch/search/bm25.test.ts" assertions="9" />
    <testcase name="should rank documents containing query terms higher" classname="rankWithBM25 &amp;gt; BM25 Search" time="0.001107" file="src/cinematch/search/bm25.test.ts" assertions="6" />
    <testcase name="should handle empty queries gracefully" classname="rankWithBM25 &amp;gt; BM25 Search" time="0.000053" file="src/cinematch/search/bm25.test.ts" assertions="2" />
    <testcase name="should handle queries with only stopwords gracefully" classname="rankWithBM25 &amp;gt; BM25 Search" time="0.000108" file="src/cinematch/search/bm25.test.ts" assertions="2" />
  </testsuite>
  <testsuite name="src/cinematch/search/trieAutocomplete.test.ts" tests="10" assertions="17" failures="0" skipped="0" time="0" hostname="devbox">
    <testcase name="should be case-insensitive when searching" classname="AutocompleteTrie — Extended Tests" time="0.000284" file="src/cinematch/search/trieAutocomplete.test.ts" assertions="3" />
    <testcase name="should handle prefix of just one character" classname="AutocompleteTrie — Extended Tests" time="0.000072" file="src/cinematch/search/trieAutocomplete.test.ts" assertions="1" />
    <testcase name="should return up to the default limit of results" classname="AutocompleteTrie — Extended Tests" time="0.000809" file="src/cinematch/search/trieAutocomplete.test.ts" assertions="2" />
    <testcase name="should prefer higher popularity when multiple matches share a prefix" classname="AutocompleteTrie — Extended Tests" time="0.000168" file="src/cinematch/search/trieAutocomplete.test.ts" assertions="2" />
    <testcase name="should handle TV shows alongside movies without conflict" classname="AutocompleteTrie — Extended Tests" time="0.00026" file="src/cinematch/search/trieAutocomplete.test.ts" assertions="2" />
    <testcase name="should report increasing node count as items are inserted" classname="AutocompleteTrie — Extended Tests" time="0.000471" file="src/cinematch/search/trieAutocomplete.test.ts" assertions="1" />
    <testcase name="should handle entities with release_year metadata" classname="AutocompleteTrie — Extended Tests" time="0.000087" file="src/cinematch/search/trieAutocomplete.test.ts" assertions="2" />
    <testcase name="should return empty array for empty string search" classname="AutocompleteTrie — Extended Tests" time="0.00005" file="src/cinematch/search/trieAutocomplete.test.ts" assertions="1" />
    <testcase name="should return empty for very long non-matching prefix" classname="AutocompleteTrie — Extended Tests" time="0.000033" file="src/cinematch/search/trieAutocomplete.test.ts" assertions="1" />
    <testcase name="should allow inserting same entity with different index text" classname="AutocompleteTrie — Extended Tests" time="0.00023" file="src/cinematch/search/trieAutocomplete.test.ts" assertions="2" />
  </testsuite>
  <testsuite name="src/cinematch/search/queryParser.test.ts" tests="19" assertions="29" failures="0" skipped="0" time="0" hostname="devbox">
    <testcase name="should return false for simple one-word searches" classname="isComplexQuery &amp;gt; Query Parser — Extended Tests" time="0.00025" file="src/cinematch/search/queryParser.test.ts" assertions="2" />
    <testcase name="should return false for two-word titles without descriptive terms" classname="isComplexQuery &amp;gt; Query Parser — Extended Tests" time="0.000245" file="src/cinematch/search/queryParser.test.ts" assertions="2" />
    <testcase name="should return false for three-word titles without descriptive terms" classname="isComplexQuery &amp;gt; Query Parser — Extended Tests" time="0.000082" file="src/cinematch/search/queryParser.test.ts" assertions="1" />
    <testcase name="should return true when query contains 4+ words" classname="isComplexQuery &amp;gt; Query Parser — Extended Tests" time="0.000044" file="src/cinematch/search/queryParser.test.ts" assertions="2" />
    <testcase name="should return true for queries with descriptive keyword &quot;movies&quot;" classname="isComplexQuery &amp;gt; Query Parser — Extended Tests" time="0.000018" file="src/cinematch/search/queryParser.test.ts" assertions="1" />
    <testcase name="should return true for queries with descriptive keyword &quot;shows&quot;" classname="isComplexQuery &amp;gt; Query Parser — Extended Tests" time="0.00002" file="src/cinematch/search/queryParser.test.ts" assertions="1" />
    <testcase name="should return true for queries with keyword &quot;about&quot;" classname="isComplexQuery &amp;gt; Query Parser — Extended Tests" time="0.000016" file="src/cinematch/search/queryParser.test.ts" assertions="1" />
    <testcase name="should return true for queries with keyword &quot;like&quot;" classname="isComplexQuery &amp;gt; Query Parser — Extended Tests" time="0.000015" file="src/cinematch/search/queryParser.test.ts" assertions="1" />
    <testcase name="should return true for queries with keyword &quot;directed&quot;" classname="isComplexQuery &amp;gt; Query Parser — Extended Tests" time="0.000019" file="src/cinematch/search/queryParser.test.ts" assertions="1" />
    <testcase name="should return true for queries with &quot;funny&quot; or &quot;scary&quot;" classname="isComplexQuery &amp;gt; Query Parser — Extended Tests" time="0.000026" file="src/cinematch/search/queryParser.test.ts" assertions="2" />
    <testcase name="should be case-insensitive for descriptive keywords" classname="isComplexQuery &amp;gt; Query Parser — Extended Tests" time="0.000034" file="src/cinematch/search/queryParser.test.ts" assertions="2" />
    <testcase name="should return null when GEMINI_API_KEY is missing" classname="parseQueryNLU — extended &amp;gt; Query Parser — Extended Tests" time="0.000561" file="src/cinematch/search/queryParser.test.ts" assertions="1" />
    <testcase name="should return null when API returns non-OK status" classname="parseQueryNLU — extended &amp;gt; Query Parser — Extended Tests" time="0.000476" file="src/cinematch/search/queryParser.test.ts" assertions="1" />
    <testcase name="should return null when fetch throws" classname="parseQueryNLU — extended &amp;gt; Query Parser — Extended Tests" time="0.000515" file="src/cinematch/search/queryParser.test.ts" assertions="1" />
    <testcase name="should build TV date filters when mediaType is &quot;tv&quot;" classname="parseQueryNLU — extended &amp;gt; Query Parser — Extended Tests" time="0.000395" file="src/cinematch/search/queryParser.test.ts" assertions="3" />
    <testcase name="should omit date filters when no decade is given" classname="parseQueryNLU — extended &amp;gt; Query Parser — Extended Tests" time="0.000258" file="src/cinematch/search/queryParser.test.ts" assertions="3" />
    <testcase name="should return null when LLM says not conversational and no structured filters" classname="parseQueryNLU — extended &amp;gt; Query Parser — Extended Tests" time="0.000168" file="src/cinematch/search/queryParser.test.ts" assertions="1" />
    <testcase name="should keep result when isConversational is false but genres are present" classname="parseQueryNLU — extended &amp;gt; Query Parser — Extended Tests" time="0.00025" file="src/cinematch/search/queryParser.test.ts" assertions="2" />
    <testcase name="should handle multiple genres in comma-separated format" classname="parseQueryNLU — extended &amp;gt; Query Parser — Extended Tests" time="0.000315" file="src/cinematch/search/queryParser.test.ts" assertions="1" />
  </testsuite>
  <testsuite name="src/cinematch/search/rrfFusion.test.ts" tests="10" assertions="23" failures="0" skipped="0" time="0" hostname="devbox">
    <testcase name="should handle an empty lists array" classname="Reciprocal Rank Fusion (RRF) — Extended Tests" time="0.000195" file="src/cinematch/search/rrfFusion.test.ts" assertions="1" />
    <testcase name="should handle a list with a single item" classname="Reciprocal Rank Fusion (RRF) — Extended Tests" time="0.00013" file="src/cinematch/search/rrfFusion.test.ts" assertions="2" />
    <testcase name="should compute correct score for rank-1 item in k=60" classname="Reciprocal Rank Fusion (RRF) — Extended Tests" time="0.000081" file="src/cinematch/search/rrfFusion.test.ts" assertions="0" />
    <testcase name="should boost items present in all 3 lists over items in only 1" classname="Reciprocal Rank Fusion (RRF) — Extended Tests" time="0.000287" file="src/cinematch/search/rrfFusion.test.ts" assertions="3" />
    <testcase name="should include items from all lists in the merged output" classname="Reciprocal Rank Fusion (RRF) — Extended Tests" time="0.000128" file="src/cinematch/search/rrfFusion.test.ts" assertions="5" />
    <testcase name="should record contributions per list label" classname="Reciprocal Rank Fusion (RRF) — Extended Tests" time="0.000075" file="src/cinematch/search/rrfFusion.test.ts" assertions="2" />
    <testcase name="should apply worst-rank penalty — items in both lists outscore items in only one" classname="Reciprocal Rank Fusion (RRF) — Extended Tests" time="0.000096" file="src/cinematch/search/rrfFusion.test.ts" assertions="4" />
    <testcase name="should produce deterministic results (same output for same input)" classname="Reciprocal Rank Fusion (RRF) — Extended Tests" time="0.000176" file="src/cinematch/search/rrfFusion.test.ts" assertions="2" />
    <testcase name="should handle k=0 without dividing by zero" classname="Reciprocal Rank Fusion (RRF) — Extended Tests" time="0.000175" file="src/cinematch/search/rrfFusion.test.ts" assertions="2" />
    <testcase name="should sort final results descending by rrfScore" classname="Reciprocal Rank Fusion (RRF) — Extended Tests" time="0.000276" file="src/cinematch/search/rrfFusion.test.ts" assertions="2" />
  </testsuite>
  <testsuite name="src/cinematch/search/crossEncoder.test.ts" tests="8" assertions="13" failures="0" skipped="0" time="0" hostname="devbox">
    <testcase name="returns candidates unchanged when GEMINI_API_KEY is missing" classname="Cross Encoder Re-Rank — Extended Tests" time="0.000635" file="src/cinematch/search/crossEncoder.test.ts" assertions="1" />
    <testcase name="falls back gracefully when API returns non-OK status" classname="Cross Encoder Re-Rank — Extended Tests" time="0.000223" file="src/cinematch/search/crossEncoder.test.ts" assertions="1" />
    <testcase name="falls back gracefully when fetch throws a network error" classname="Cross Encoder Re-Rank — Extended Tests" time="0.000478" file="src/cinematch/search/crossEncoder.test.ts" assertions="1" />
    <testcase name="falls back when LLM returns malformed JSON scores" classname="Cross Encoder Re-Rank — Extended Tests" time="0.000753" file="src/cinematch/search/crossEncoder.test.ts" assertions="1" />
    <testcase name="handles missing score IDs by treating them as 0" classname="Cross Encoder Re-Rank — Extended Tests" time="0.000333" file="src/cinematch/search/crossEncoder.test.ts" assertions="2" />
    <testcase name="attaches crossEncoderScore to reranked candidates" classname="Cross Encoder Re-Rank — Extended Tests" time="0.000245" file="src/cinematch/search/crossEncoder.test.ts" assertions="1" />
    <testcase name="preserves original order of remainder slice beyond topK" classname="Cross Encoder Re-Rank — Extended Tests" time="0.00026" file="src/cinematch/search/crossEncoder.test.ts" assertions="4" />
    <testcase name="handles TV show candidates (name field instead of title)" classname="Cross Encoder Re-Rank — Extended Tests" time="0.000384" file="src/cinematch/search/crossEncoder.test.ts" assertions="2" />
  </testsuite>
  <testsuite name="src/cinematch/search/bm25.advanced.test.ts" tests="22" assertions="51" failures="0" skipped="0" time="0" hostname="devbox">
    <testcase name="should return empty array for empty string" classname="tokenize — edge cases &amp;gt; BM25 Advanced Tests" time="0.000119" file="src/cinematch/search/bm25.advanced.test.ts" assertions="1" />
    <testcase name="should return empty array for whitespace-only input" classname="tokenize — edge cases &amp;gt; BM25 Advanced Tests" time="0.000036" file="src/cinematch/search/bm25.advanced.test.ts" assertions="1" />
    <testcase name="should filter single-character tokens" classname="tokenize — edge cases &amp;gt; BM25 Advanced Tests" time="0.000033" file="src/cinematch/search/bm25.advanced.test.ts" assertions="2" />
    <testcase name="should preserve multi-character non-stopword tokens" classname="tokenize — edge cases &amp;gt; BM25 Advanced Tests" time="0.000042" file="src/cinematch/search/bm25.advanced.test.ts" assertions="3" />
    <testcase name="should strip punctuation including apostrophes and colons" classname="tokenize — edge cases &amp;gt; BM25 Advanced Tests" time="0.000046" file="src/cinematch/search/bm25.advanced.test.ts" assertions="3" />
    <testcase name="should handle numeric tokens" classname="tokenize — edge cases &amp;gt; BM25 Advanced Tests" time="0.000033" file="src/cinematch/search/bm25.advanced.test.ts" assertions="3" />
    <testcase name="should not include stopwords even in mixed text" classname="tokenize — edge cases &amp;gt; BM25 Advanced Tests" time="0.000095" file="src/cinematch/search/bm25.advanced.test.ts" assertions="12" />
    <testcase name="should compute correct document frequency for shared terms" classname="buildCorpusStats &amp;gt; BM25 Advanced Tests" time="0.000108" file="src/cinematch/search/bm25.advanced.test.ts" assertions="3" />
    <testcase name="should not double-count terms appearing multiple times in the same doc" classname="buildCorpusStats &amp;gt; BM25 Advanced Tests" time="0.000045" file="src/cinematch/search/bm25.advanced.test.ts" assertions="1" />
    <testcase name="should compute average field length correctly" classname="buildCorpusStats &amp;gt; BM25 Advanced Tests" time="0.00005" file="src/cinematch/search/bm25.advanced.test.ts" assertions="0" />
    <testcase name="should return 0 for a query term not in any field" classname="scoreBM25 &amp;gt; BM25 Advanced Tests" time="0.000046" file="src/cinematch/search/bm25.advanced.test.ts" assertions="1" />
    <testcase name="should apply title field weight higher than overview" classname="scoreBM25 &amp;gt; BM25 Advanced Tests" time="0.000051" file="src/cinematch/search/bm25.advanced.test.ts" assertions="1" />
    <testcase name="should skip unknown field configs gracefully" classname="scoreBM25 &amp;gt; BM25 Advanced Tests" time="0.000073" file="src/cinematch/search/bm25.advanced.test.ts" assertions="2" />
    <testcase name="should rank exact title match higher than overview-only match" classname="rankWithBM25 — advanced ranking &amp;gt; BM25 Advanced Tests" time="0.000315" file="src/cinematch/search/bm25.advanced.test.ts" assertions="2" />
    <testcase name="should score multi-word queries combining term scores" classname="rankWithBM25 — advanced ranking &amp;gt; BM25 Advanced Tests" time="0.00047" file="src/cinematch/search/bm25.advanced.test.ts" assertions="1" />
    <testcase name="should handle single-document corpus" classname="rankWithBM25 — advanced ranking &amp;gt; BM25 Advanced Tests" time="0.000126" file="src/cinematch/search/bm25.advanced.test.ts" assertions="2" />
    <testcase name="should return all documents for zero-score queries" classname="rankWithBM25 — advanced ranking &amp;gt; BM25 Advanced Tests" time="0.000402" file="src/cinematch/search/bm25.advanced.test.ts" assertions="2" />
    <testcase name="should restrict scoring to specified activeFields" classname="rankWithBM25 — advanced ranking &amp;gt; BM25 Advanced Tests" time="0.000597" file="src/cinematch/search/bm25.advanced.test.ts" assertions="3" />
    <testcase name="should not produce NaN scores" classname="rankWithBM25 — advanced ranking &amp;gt; BM25 Advanced Tests" time="0.000372" file="src/cinematch/search/bm25.advanced.test.ts" assertions="5" />
    <testcase name="should define title with highest weight" classname="FIELD_CONFIGS constants &amp;gt; BM25 Advanced Tests" time="0.000045" file="src/cinematch/search/bm25.advanced.test.ts" assertions="1" />
    <testcase name="should define low b for title (short docs, less length normalisation)" classname="FIELD_CONFIGS constants &amp;gt; BM25 Advanced Tests" time="0.000023" file="src/cinematch/search/bm25.advanced.test.ts" assertions="1" />
    <testcase name="should define high b for overview (long docs, more length normalisation)" classname="FIELD_CONFIGS constants &amp;gt; BM25 Advanced Tests" time="0.000014" file="src/cinematch/search/bm25.advanced.test.ts" assertions="1" />
  </testsuite>
  <testsuite name="src/cinematch/ranking/phoenixScorer.test.ts" tests="6" assertions="11" failures="0" skipped="0" time="0" hostname="devbox">
    <testcase name="should build session context correctly from recently watched" classname="Session Context &amp;gt; Phoenix Scorer" time="0.000406" file="src/cinematch/ranking/phoenixScorer.test.ts" assertions="2" />
    <testcase name="should return empty session if no recently watched items" classname="Session Context &amp;gt; Phoenix Scorer" time="0.000088" file="src/cinematch/ranking/phoenixScorer.test.ts" assertions="2" />
    <testcase name="should process candidates with session momentum boost" classname="scoreCandidates batch processing &amp;gt; Phoenix Scorer" time="0.000961" file="src/cinematch/ranking/phoenixScorer.test.ts" assertions="2" />
    <testcase name="should calculate base score using weights" classname="Phoenix Scorer" time="0.000066" file="src/cinematch/ranking/phoenixScorer.test.ts" assertions="3" />
    <testcase name="should boost score for matching genres" classname="Phoenix Scorer" time="0.00011" file="src/cinematch/ranking/phoenixScorer.test.ts" assertions="1" />
    <testcase name="should handle source boosting" classname="Phoenix Scorer" time="0.000166" file="src/cinematch/ranking/phoenixScorer.test.ts" assertions="1" />
  </testsuite>
  <testsuite name="src/cinematch/ranking/diversityReranker.test.ts" tests="3" assertions="6" failures="0" skipped="0" time="0" hostname="devbox">
    <testcase name="should apply genre saturation penalty" classname="Diversity Reranker" time="0.000356" file="src/cinematch/ranking/diversityReranker.test.ts" assertions="2" />
    <testcase name="should apply novelty boost for unfamiliar genres" classname="Diversity Reranker" time="0.00026" file="src/cinematch/ranking/diversityReranker.test.ts" assertions="2" />
    <testcase name="should apply serendipity boost for unexpected, high-quality content" classname="Diversity Reranker" time="0.000058" file="src/cinematch/ranking/diversityReranker.test.ts" assertions="2" />
  </testsuite>
  <testsuite name="src/cinematch/ranking/positionBias.test.ts" tests="3" assertions="4" failures="0" skipped="0" time="0" hostname="devbox">
    <testcase name="should compute IPS corrected weights properly" classname="Position Bias / IPS" time="0.00012" file="src/cinematch/ranking/positionBias.test.ts" assertions="3" />
    <testcase name="should apply fallback propensity for unknown slots" classname="Position Bias / IPS" time="0.000026" file="src/cinematch/ranking/positionBias.test.ts" assertions="0" />
    <testcase name="should cap extreme IPS weights using MAX_IPS_WEIGHT" classname="Position Bias / IPS" time="0.000021" file="src/cinematch/ranking/positionBias.test.ts" assertions="1" />
  </testsuite>
  <testsuite name="src/cinematch/ranking/phoenixScorer.advanced.test.ts" tests="15" assertions="20" failures="0" skipped="0" time="0" hostname="devbox">
    <testcase name="should return a finite, non-NaN score" classname="scoreCandidate &amp;gt; Phoenix Scorer — Extended Tests" time="0.000121" file="src/cinematch/ranking/phoenixScorer.advanced.test.ts" assertions="2" />
    <testcase name="should return neutral genre affinity (0.3) when user has no genre vector" classname="scoreCandidate &amp;gt; Phoenix Scorer — Extended Tests" time="0.000043" file="src/cinematch/ranking/phoenixScorer.advanced.test.ts" assertions="0" />
    <testcase name="should give score of 0 for keyword affinity with no matching keywords" classname="scoreCandidate &amp;gt; Phoenix Scorer — Extended Tests" time="0.00007" file="src/cinematch/ranking/phoenixScorer.advanced.test.ts" assertions="1" />
    <testcase name="should boost cast affinity when candidate cast matches user vector" classname="scoreCandidate &amp;gt; Phoenix Scorer — Extended Tests" time="0.000076" file="src/cinematch/ranking/phoenixScorer.advanced.test.ts" assertions="1" />
    <testcase name="should boost director affinity when candidate matches user liked director" classname="scoreCandidate &amp;gt; Phoenix Scorer — Extended Tests" time="0.000065" file="src/cinematch/ranking/phoenixScorer.advanced.test.ts" assertions="1" />
    <testcase name="should penalize candidates with disliked director (negative directorVector)" classname="scoreCandidate &amp;gt; Phoenix Scorer — Extended Tests" time="0.000067" file="src/cinematch/ranking/phoenixScorer.advanced.test.ts" assertions="1" />
    <testcase name="should apply freshness decay — recent releases score higher than old ones" classname="scoreCandidate &amp;gt; Phoenix Scorer — Extended Tests" time="0.000088" file="src/cinematch/ranking/phoenixScorer.advanced.test.ts" assertions="1" />
    <testcase name="should apply quality score based on voteAverage and voteCount" classname="scoreCandidate &amp;gt; Phoenix Scorer — Extended Tests" time="0.000047" file="src/cinematch/ranking/phoenixScorer.advanced.test.ts" assertions="1" />
    <testcase name="should build correct sourceReason for all source types" classname="scoreCandidate &amp;gt; Phoenix Scorer — Extended Tests" time="0.000187" file="src/cinematch/ranking/phoenixScorer.advanced.test.ts" assertions="3" />
    <testcase name="should include seedTitle in sourceReason for tmdb_similar" classname="scoreCandidate &amp;gt; Phoenix Scorer — Extended Tests" time="0.000075" file="src/cinematch/ranking/phoenixScorer.advanced.test.ts" assertions="1" />
    <testcase name="should apply 4x momentum multiplier for new users" classname="scoreCandidates — cold start &amp;gt; Phoenix Scorer — Extended Tests" time="0.000192" file="src/cinematch/ranking/phoenixScorer.advanced.test.ts" assertions="1" />
    <testcase name="should apply session flat boost for cold-start users matching session genres" classname="scoreCandidates — cold start &amp;gt; Phoenix Scorer — Extended Tests" time="0.000136" file="src/cinematch/ranking/phoenixScorer.advanced.test.ts" assertions="1" />
    <testcase name="should include all top genres from genreVector" classname="buildSessionContext &amp;gt; Phoenix Scorer — Extended Tests" time="0.00016" file="src/cinematch/ranking/phoenixScorer.advanced.test.ts" assertions="3" />
    <testcase name="should exclude genres with weight &lt;= 0 from session" classname="buildSessionContext &amp;gt; Phoenix Scorer — Extended Tests" time="0.000108" file="src/cinematch/ranking/phoenixScorer.advanced.test.ts" assertions="2" />
    <testcase name="should propagate optional localHour to session context" classname="buildSessionContext &amp;gt; Phoenix Scorer — Extended Tests" time="0.000085" file="src/cinematch/ranking/phoenixScorer.advanced.test.ts" assertions="1" />
  </testsuite>
  <testsuite name="src/cinematch/ranking/dynamicWeights.test.ts" tests="5" assertions="0" failures="0" skipped="0" time="0" hostname="devbox">
    <testcase name="should return base weights for new users" classname="Dynamic Weights" time="0.000319" file="src/cinematch/ranking/dynamicWeights.test.ts" assertions="0" />
    <testcase name="should return base weights for users with few interactions" classname="Dynamic Weights" time="0.000075" file="src/cinematch/ranking/dynamicWeights.test.ts" assertions="0" />
    <testcase name="should return segmentation weights for early cold start interactions" classname="Dynamic Weights" time="0.000054" file="src/cinematch/ranking/dynamicWeights.test.ts" assertions="0" />
    <testcase name="should boost cast affinity for users with moderate cast interactions" classname="Dynamic Weights" time="0.000043" file="src/cinematch/ranking/dynamicWeights.test.ts" assertions="0" />
    <testcase name="should significantly boost cast and keyword affinity for heavy users" classname="Dynamic Weights" time="0.00014" file="src/cinematch/ranking/dynamicWeights.test.ts" assertions="0" />
  </testsuite>
  <testsuite name="src/cinematch/ranking/exploration.test.ts" tests="8" assertions="11" failures="0" skipped="0" time="0" hostname="devbox">
    <testcase name="should return ranked list unchanged for new users" classname="applyWildcardInjection" time="0.000611" file="src/cinematch/ranking/exploration.test.ts" assertions="1" />
    <testcase name="should return ranked list unchanged if fewer than 20 items" classname="applyWildcardInjection" time="0.000159" file="src/cinematch/ranking/exploration.test.ts" assertions="1" />
    <testcase name="should preserve total item count after injection" classname="applyWildcardInjection" time="0.000367" file="src/cinematch/ranking/exploration.test.ts" assertions="1" />
    <testcase name="should inject discovery items and mark them with correct source" classname="applyWildcardInjection" time="0.000316" file="src/cinematch/ranking/exploration.test.ts" assertions="2" />
    <testcase name="should not inject wildcards if no out-of-profile candidates exist" classname="applyWildcardInjection" time="0.00014" file="src/cinematch/ranking/exploration.test.ts" assertions="1" />
    <testcase name="should not inject if bottom slice has fewer wildcards than required" classname="applyWildcardInjection" time="0.00012" file="src/cinematch/ranking/exploration.test.ts" assertions="2" />
    <testcase name="should place injected wildcard within top-20 range" classname="applyWildcardInjection" time="0.000251" file="src/cinematch/ranking/exploration.test.ts" assertions="2" />
    <testcase name="should output sorted by score before injection" classname="applyWildcardInjection" time="0.000241" file="src/cinematch/ranking/exploration.test.ts" assertions="1" />
  </testsuite>
  <testsuite name="src/cinematch/filtering/alreadyWatched.test.ts" tests="8" assertions="14" failures="0" skipped="0" time="0" hostname="devbox">
    <testcase name="should return all candidates if watchedIds is empty" classname="alreadyWatchedFilter" time="0.000173" file="src/cinematch/filtering/alreadyWatched.test.ts" assertions="2" />
    <testcase name="should filter out candidates that are in watchedIds" classname="alreadyWatchedFilter" time="0.000072" file="src/cinematch/filtering/alreadyWatched.test.ts" assertions="2" />
    <testcase name="should return an empty array if all candidates are in watchedIds" classname="alreadyWatchedFilter" time="0.000044" file="src/cinematch/filtering/alreadyWatched.test.ts" assertions="2" />
    <testcase name="should handle empty candidates array" classname="alreadyWatchedFilter" time="0.000032" file="src/cinematch/filtering/alreadyWatched.test.ts" assertions="1" />
    <testcase name="should return all candidates if favoritedIds is empty" classname="alreadyFavoritedFilter" time="0.000115" file="src/cinematch/filtering/alreadyWatched.test.ts" assertions="2" />
    <testcase name="should filter out candidates that are in favoritedIds" classname="alreadyFavoritedFilter" time="0.000042" file="src/cinematch/filtering/alreadyWatched.test.ts" assertions="2" />
    <testcase name="should return an empty array if all candidates are in favoritedIds" classname="alreadyFavoritedFilter" time="0.000038" file="src/cinematch/filtering/alreadyWatched.test.ts" assertions="2" />
    <testcase name="should handle empty candidates array" classname="alreadyFavoritedFilter" time="0.000029" file="src/cinematch/filtering/alreadyWatched.test.ts" assertions="1" />
  </testsuite>
  <testsuite name="src/cinematch/filtering/disliked.test.ts" tests="5" assertions="8" failures="0" skipped="0" time="0" hostname="devbox">
    <testcase name="filters out disliked candidate from personalized source" classname="dislikedFilter" time="0.000166" file="src/cinematch/filtering/disliked.test.ts" assertions="2" />
    <testcase name="keeps disliked candidate from global source" classname="dislikedFilter" time="0.00016" file="src/cinematch/filtering/disliked.test.ts" assertions="3" />
    <testcase name="keeps non-disliked candidates from any source" classname="dislikedFilter" time="0.000047" file="src/cinematch/filtering/disliked.test.ts" assertions="1" />
    <testcase name="handles empty candidates array" classname="dislikedFilter" time="0.000026" file="src/cinematch/filtering/disliked.test.ts" assertions="1" />
    <testcase name="handles empty dislikedIds set" classname="dislikedFilter" time="0.000025" file="src/cinematch/filtering/disliked.test.ts" assertions="1" />
  </testsuite>
  <testsuite name="src/cinematch/filtering/quality.test.ts" tests="13" assertions="19" failures="0" skipped="0" time="0" hostname="devbox">
    <testcase name="keeps candidates with 0 votes and 0 average (brand new titles)" classname="lowQualityFilter &amp;gt; Quality Filters" time="0.000108" file="src/cinematch/filtering/quality.test.ts" assertions="1" />
    <testcase name="filters out candidates with low vote count (0 &lt; voteCount &lt; 10)" classname="lowQualityFilter &amp;gt; Quality Filters" time="0.000029" file="src/cinematch/filtering/quality.test.ts" assertions="1" />
    <testcase name="keeps candidates with sufficient vote count (voteCount &gt;= 10)" classname="lowQualityFilter &amp;gt; Quality Filters" time="0.00004" file="src/cinematch/filtering/quality.test.ts" assertions="1" />
    <testcase name="filters out candidates with low vote average (0 &lt; voteAverage &lt; 4.5)" classname="lowQualityFilter &amp;gt; Quality Filters" time="0.000021" file="src/cinematch/filtering/quality.test.ts" assertions="1" />
    <testcase name="keeps candidates with sufficient vote average (voteAverage &gt;= 4.5)" classname="lowQualityFilter &amp;gt; Quality Filters" time="0.000022" file="src/cinematch/filtering/quality.test.ts" assertions="1" />
    <testcase name="filters out candidates failing both conditions" classname="lowQualityFilter &amp;gt; Quality Filters" time="0.00002" file="src/cinematch/filtering/quality.test.ts" assertions="1" />
    <testcase name="processes multiple candidates correctly" classname="lowQualityFilter &amp;gt; Quality Filters" time="0.00004" file="src/cinematch/filtering/quality.test.ts" assertions="4" />
    <testcase name="keeps candidates with release dates in the past" classname="releasedFilter &amp;gt; Quality Filters" time="0.00008" file="src/cinematch/filtering/quality.test.ts" assertions="1" />
    <testcase name="keeps candidates with release dates exactly equal to today" classname="releasedFilter &amp;gt; Quality Filters" time="0.000028" file="src/cinematch/filtering/quality.test.ts" assertions="1" />
    <testcase name="filters out candidates with release dates in the future" classname="releasedFilter &amp;gt; Quality Filters" time="0.000025" file="src/cinematch/filtering/quality.test.ts" assertions="1" />
    <testcase name="keeps candidates without a release date (null)" classname="releasedFilter &amp;gt; Quality Filters" time="0.000021" file="src/cinematch/filtering/quality.test.ts" assertions="1" />
    <testcase name="keeps candidates with empty release date" classname="releasedFilter &amp;gt; Quality Filters" time="0.000022" file="src/cinematch/filtering/quality.test.ts" assertions="1" />
    <testcase name="processes multiple candidates correctly" classname="releasedFilter &amp;gt; Quality Filters" time="0.000044" file="src/cinematch/filtering/quality.test.ts" assertions="4" />
  </testsuite>
  <testsuite name="src/cinematch/filtering/suppressedCategory.test.ts" tests="5" assertions="10" failures="0" skipped="0" time="0" hostname="devbox">
    <testcase name="should return 1.0 when dislikes are below throttle start" classname="suppressedCategory - getCategoryKeepRatio" time="0.000075" file="src/cinematch/filtering/suppressedCategory.test.ts" assertions="2" />
    <testcase name="should return 1.0 at exactly throttle start" classname="suppressedCategory - getCategoryKeepRatio" time="0.00002" file="src/cinematch/filtering/suppressedCategory.test.ts" assertions="1" />
    <testcase name="should return 1.0 for negative dislikes" classname="suppressedCategory - getCategoryKeepRatio" time="0.000012" file="src/cinematch/filtering/suppressedCategory.test.ts" assertions="1" />
    <testcase name="should decrease the ratio as dislikes increase" classname="suppressedCategory - getCategoryKeepRatio" time="0.000043" file="src/cinematch/filtering/suppressedCategory.test.ts" assertions="3" />
    <testcase name="should hit the throttle floor for very high dislikes" classname="suppressedCategory - getCategoryKeepRatio" time="0.000028" file="src/cinematch/filtering/suppressedCategory.test.ts" assertions="3" />
  </testsuite>
  <testsuite name="src/cinematch/filtering/deduplication.test.ts" tests="4" assertions="7" failures="0" skipped="0" time="0" hostname="devbox">
    <testcase name="should return an empty array if given an empty array" classname="deduplicateFilter" time="0.000066" file="src/cinematch/filtering/deduplication.test.ts" assertions="1" />
    <testcase name="should return the same array if there are no duplicates" classname="deduplicateFilter" time="0.000107" file="src/cinematch/filtering/deduplication.test.ts" assertions="1" />
    <testcase name="should remove duplicate candidates based on tmdbId and mediaType" classname="deduplicateFilter" time="0.000059" file="src/cinematch/filtering/deduplication.test.ts" assertions="1" />
    <testcase name="should keep the first occurrence when duplicates exist" classname="deduplicateFilter" time="0.000178" file="src/cinematch/filtering/deduplication.test.ts" assertions="4" />
  </testsuite>
  <testsuite name="dist/cinematch/search/bm25.advanced.test.js" tests="22" assertions="51" failures="0" skipped="0" time="0" hostname="devbox">
    <testcase name="should return empty array for empty string" classname="tokenize — edge cases &amp;gt; BM25 Advanced Tests" time="0.000098" file="dist/cinematch/search/bm25.advanced.test.js" assertions="1" />
    <testcase name="should return empty array for whitespace-only input" classname="tokenize — edge cases &amp;gt; BM25 Advanced Tests" time="0.000027" file="dist/cinematch/search/bm25.advanced.test.js" assertions="1" />
    <testcase name="should filter single-character tokens" classname="tokenize — edge cases &amp;gt; BM25 Advanced Tests" time="0.000031" file="dist/cinematch/search/bm25.advanced.test.js" assertions="2" />
    <testcase name="should preserve multi-character non-stopword tokens" classname="tokenize — edge cases &amp;gt; BM25 Advanced Tests" time="0.00003" file="dist/cinematch/search/bm25.advanced.test.js" assertions="3" />
    <testcase name="should strip punctuation including apostrophes and colons" classname="tokenize — edge cases &amp;gt; BM25 Advanced Tests" time="0.000033" file="dist/cinematch/search/bm25.advanced.test.js" assertions="3" />
    <testcase name="should handle numeric tokens" classname="tokenize — edge cases &amp;gt; BM25 Advanced Tests" time="0.000025" file="dist/cinematch/search/bm25.advanced.test.js" assertions="3" />
    <testcase name="should not include stopwords even in mixed text" classname="tokenize — edge cases &amp;gt; BM25 Advanced Tests" time="0.000143" file="dist/cinematch/search/bm25.advanced.test.js" assertions="12" />
    <testcase name="should compute correct document frequency for shared terms" classname="buildCorpusStats &amp;gt; BM25 Advanced Tests" time="0.000237" file="dist/cinematch/search/bm25.advanced.test.js" assertions="3" />
    <testcase name="should not double-count terms appearing multiple times in the same doc" classname="buildCorpusStats &amp;gt; BM25 Advanced Tests" time="0.000121" file="dist/cinematch/search/bm25.advanced.test.js" assertions="1" />
    <testcase name="should compute average field length correctly" classname="buildCorpusStats &amp;gt; BM25 Advanced Tests" time="0.000051" file="dist/cinematch/search/bm25.advanced.test.js" assertions="0" />
    <testcase name="should return 0 for a query term not in any field" classname="scoreBM25 &amp;gt; BM25 Advanced Tests" time="0.000166" file="dist/cinematch/search/bm25.advanced.test.js" assertions="1" />
    <testcase name="should apply title field weight higher than overview" classname="scoreBM25 &amp;gt; BM25 Advanced Tests" time="0.000098" file="dist/cinematch/search/bm25.advanced.test.js" assertions="1" />
    <testcase name="should skip unknown field configs gracefully" classname="scoreBM25 &amp;gt; BM25 Advanced Tests" time="0.000088" file="dist/cinematch/search/bm25.advanced.test.js" assertions="2" />
    <testcase name="should rank exact title match higher than overview-only match" classname="rankWithBM25 — advanced ranking &amp;gt; BM25 Advanced Tests" time="0.000694" file="dist/cinematch/search/bm25.advanced.test.js" assertions="2" />
    <testcase name="should score multi-word queries combining term scores" classname="rankWithBM25 — advanced ranking &amp;gt; BM25 Advanced Tests" time="0.000202" file="dist/cinematch/search/bm25.advanced.test.js" assertions="1" />
    <testcase name="should handle single-document corpus" classname="rankWithBM25 — advanced ranking &amp;gt; BM25 Advanced Tests" time="0.000084" file="dist/cinematch/search/bm25.advanced.test.js" assertions="2" />
    <testcase name="should return all documents for zero-score queries" classname="rankWithBM25 — advanced ranking &amp;gt; BM25 Advanced Tests" time="0.000418" file="dist/cinematch/search/bm25.advanced.test.js" assertions="2" />
    <testcase name="should restrict scoring to specified activeFields" classname="rankWithBM25 — advanced ranking &amp;gt; BM25 Advanced Tests" time="0.000443" file="dist/cinematch/search/bm25.advanced.test.js" assertions="3" />
    <testcase name="should not produce NaN scores" classname="rankWithBM25 — advanced ranking &amp;gt; BM25 Advanced Tests" time="0.000428" file="dist/cinematch/search/bm25.advanced.test.js" assertions="5" />
    <testcase name="should define title with highest weight" classname="FIELD_CONFIGS constants &amp;gt; BM25 Advanced Tests" time="0.000045" file="dist/cinematch/search/bm25.advanced.test.js" assertions="1" />
    <testcase name="should define low b for title (short docs, less length normalisation)" classname="FIELD_CONFIGS constants &amp;gt; BM25 Advanced Tests" time="0.000024" file="dist/cinematch/search/bm25.advanced.test.js" assertions="1" />
    <testcase name="should define high b for overview (long docs, more length normalisation)" classname="FIELD_CONFIGS constants &amp;gt; BM25 Advanced Tests" time="0.000016" file="dist/cinematch/search/bm25.advanced.test.js" assertions="1" />
  </testsuite>
  <testsuite name="dist/cinematch/search/bm25.test.js" tests="4" assertions="19" failures="0" skipped="0" time="0" hostname="devbox">
    <testcase name="should tokenize text, lowercase, remove punctuation and filter stopwords" classname="tokenize &amp;gt; BM25 Search" time="0.000094" file="dist/cinematch/search/bm25.test.js" assertions="9" />
    <testcase name="should rank documents containing query terms higher" classname="rankWithBM25 &amp;gt; BM25 Search" time="0.000339" file="dist/cinematch/search/bm25.test.js" assertions="6" />
    <testcase name="should handle empty queries gracefully" classname="rankWithBM25 &amp;gt; BM25 Search" time="0.000063" file="dist/cinematch/search/bm25.test.js" assertions="2" />
    <testcase name="should handle queries with only stopwords gracefully" classname="rankWithBM25 &amp;gt; BM25 Search" time="0.000051" file="dist/cinematch/search/bm25.test.js" assertions="2" />
  </testsuite>
  <testsuite name="dist/cinematch/search/crossEncoder.test.js" tests="8" assertions="13" failures="0" skipped="0" time="0" hostname="devbox">
    <testcase name="returns candidates unchanged when GEMINI_API_KEY is missing" classname="Cross Encoder Re-Rank — Extended Tests" time="0.000648" file="dist/cinematch/search/crossEncoder.test.js" assertions="1" />
    <testcase name="falls back gracefully when API returns non-OK status" classname="Cross Encoder Re-Rank — Extended Tests" time="0.000219" file="dist/cinematch/search/crossEncoder.test.js" assertions="1" />
    <testcase name="falls back gracefully when fetch throws a network error" classname="Cross Encoder Re-Rank — Extended Tests" time="0.000416" file="dist/cinematch/search/crossEncoder.test.js" assertions="1" />
    <testcase name="falls back when LLM returns malformed JSON scores" classname="Cross Encoder Re-Rank — Extended Tests" time="0.000374" file="dist/cinematch/search/crossEncoder.test.js" assertions="1" />
    <testcase name="handles missing score IDs by treating them as 0" classname="Cross Encoder Re-Rank — Extended Tests" time="0.000372" file="dist/cinematch/search/crossEncoder.test.js" assertions="2" />
    <testcase name="attaches crossEncoderScore to reranked candidates" classname="Cross Encoder Re-Rank — Extended Tests" time="0.000314" file="dist/cinematch/search/crossEncoder.test.js" assertions="1" />
    <testcase name="preserves original order of remainder slice beyond topK" classname="Cross Encoder Re-Rank — Extended Tests" time="0.000294" file="dist/cinematch/search/crossEncoder.test.js" assertions="4" />
    <testcase name="handles TV show candidates (name field instead of title)" classname="Cross Encoder Re-Rank — Extended Tests" time="0.00024" file="dist/cinematch/search/crossEncoder.test.js" assertions="2" />
  </testsuite>
  <testsuite name="dist/cinematch/search/trieAutocomplete.test.js" tests="10" assertions="17" failures="0" skipped="0" time="0" hostname="devbox">
    <testcase name="should be case-insensitive when searching" classname="AutocompleteTrie — Extended Tests" time="0.000247" file="dist/cinematch/search/trieAutocomplete.test.js" assertions="3" />
    <testcase name="should handle prefix of just one character" classname="AutocompleteTrie — Extended Tests" time="0.000063" file="dist/cinematch/search/trieAutocomplete.test.js" assertions="1" />
    <testcase name="should return up to the default limit of results" classname="AutocompleteTrie — Extended Tests" time="0.000933" file="dist/cinematch/search/trieAutocomplete.test.js" assertions="2" />
    <testcase name="should prefer higher popularity when multiple matches share a prefix" classname="AutocompleteTrie — Extended Tests" time="0.000155" file="dist/cinematch/search/trieAutocomplete.test.js" assertions="2" />
    <testcase name="should handle TV shows alongside movies without conflict" classname="AutocompleteTrie — Extended Tests" time="0.000151" file="dist/cinematch/search/trieAutocomplete.test.js" assertions="2" />
    <testcase name="should report increasing node count as items are inserted" classname="AutocompleteTrie — Extended Tests" time="0.000498" file="dist/cinematch/search/trieAutocomplete.test.js" assertions="1" />
    <testcase name="should handle entities with release_year metadata" classname="AutocompleteTrie — Extended Tests" time="0.000088" file="dist/cinematch/search/trieAutocomplete.test.js" assertions="2" />
    <testcase name="should return empty array for empty string search" classname="AutocompleteTrie — Extended Tests" time="0.00004" file="dist/cinematch/search/trieAutocomplete.test.js" assertions="1" />
    <testcase name="should return empty for very long non-matching prefix" classname="AutocompleteTrie — Extended Tests" time="0.000023" file="dist/cinematch/search/trieAutocomplete.test.js" assertions="1" />
    <testcase name="should allow inserting same entity with different index text" classname="AutocompleteTrie — Extended Tests" time="0.000134" file="dist/cinematch/search/trieAutocomplete.test.js" assertions="2" />
  </testsuite>
  <testsuite name="dist/cinematch/search/rrfFusion.test.js" tests="10" assertions="23" failures="0" skipped="0" time="0" hostname="devbox">
    <testcase name="should handle an empty lists array" classname="Reciprocal Rank Fusion (RRF) — Extended Tests" time="0.000197" file="dist/cinematch/search/rrfFusion.test.js" assertions="1" />
    <testcase name="should handle a list with a single item" classname="Reciprocal Rank Fusion (RRF) — Extended Tests" time="0.000132" file="dist/cinematch/search/rrfFusion.test.js" assertions="2" />
    <testcase name="should compute correct score for rank-1 item in k=60" classname="Reciprocal Rank Fusion (RRF) — Extended Tests" time="0.000067" file="dist/cinematch/search/rrfFusion.test.js" assertions="0" />
    <testcase name="should boost items present in all 3 lists over items in only 1" classname="Reciprocal Rank Fusion (RRF) — Extended Tests" time="0.000207" file="dist/cinematch/search/rrfFusion.test.js" assertions="3" />
    <testcase name="should include items from all lists in the merged output" classname="Reciprocal Rank Fusion (RRF) — Extended Tests" time="0.000105" file="dist/cinematch/search/rrfFusion.test.js" assertions="5" />
    <testcase name="should record contributions per list label" classname="Reciprocal Rank Fusion (RRF) — Extended Tests" time="0.000092" file="dist/cinematch/search/rrfFusion.test.js" assertions="2" />
    <testcase name="should apply worst-rank penalty — items in both lists outscore items in only one" classname="Reciprocal Rank Fusion (RRF) — Extended Tests" time="0.000121" file="dist/cinematch/search/rrfFusion.test.js" assertions="4" />
    <testcase name="should produce deterministic results (same output for same input)" classname="Reciprocal Rank Fusion (RRF) — Extended Tests" time="0.000112" file="dist/cinematch/search/rrfFusion.test.js" assertions="2" />
    <testcase name="should handle k=0 without dividing by zero" classname="Reciprocal Rank Fusion (RRF) — Extended Tests" time="0.000153" file="dist/cinematch/search/rrfFusion.test.js" assertions="2" />
    <testcase name="should sort final results descending by rrfScore" classname="Reciprocal Rank Fusion (RRF) — Extended Tests" time="0.000092" file="dist/cinematch/search/rrfFusion.test.js" assertions="2" />
  </testsuite>
  <testsuite name="dist/cinematch/search/queryParser.test.js" tests="19" assertions="29" failures="0" skipped="0" time="0" hostname="devbox">
    <testcase name="should return false for simple one-word searches" classname="isComplexQuery &amp;gt; Query Parser — Extended Tests" time="0.000118" file="dist/cinematch/search/queryParser.test.js" assertions="2" />
    <testcase name="should return false for two-word titles without descriptive terms" classname="isComplexQuery &amp;gt; Query Parser — Extended Tests" time="0.000091" file="dist/cinematch/search/queryParser.test.js" assertions="2" />
    <testcase name="should return false for three-word titles without descriptive terms" classname="isComplexQuery &amp;gt; Query Parser — Extended Tests" time="0.000032" file="dist/cinematch/search/queryParser.test.js" assertions="1" />
    <testcase name="should return true when query contains 4+ words" classname="isComplexQuery &amp;gt; Query Parser — Extended Tests" time="0.000023" file="dist/cinematch/search/queryParser.test.js" assertions="2" />
    <testcase name="should return true for queries with descriptive keyword &quot;movies&quot;" classname="isComplexQuery &amp;gt; Query Parser — Extended Tests" time="0.000049" file="dist/cinematch/search/queryParser.test.js" assertions="1" />
    <testcase name="should return true for queries with descriptive keyword &quot;shows&quot;" classname="isComplexQuery &amp;gt; Query Parser — Extended Tests" time="0.000034" file="dist/cinematch/search/queryParser.test.js" assertions="1" />
    <testcase name="should return true for queries with keyword &quot;about&quot;" classname="isComplexQuery &amp;gt; Query Parser — Extended Tests" time="0.000015" file="dist/cinematch/search/queryParser.test.js" assertions="1" />
    <testcase name="should return true for queries with keyword &quot;like&quot;" classname="isComplexQuery &amp;gt; Query Parser — Extended Tests" time="0.000016" file="dist/cinematch/search/queryParser.test.js" assertions="1" />
    <testcase name="should return true for queries with keyword &quot;directed&quot;" classname="isComplexQuery &amp;gt; Query Parser — Extended Tests" time="0.000016" file="dist/cinematch/search/queryParser.test.js" assertions="1" />
    <testcase name="should return true for queries with &quot;funny&quot; or &quot;scary&quot;" classname="isComplexQuery &amp;gt; Query Parser — Extended Tests" time="0.00002" file="dist/cinematch/search/queryParser.test.js" assertions="2" />
    <testcase name="should be case-insensitive for descriptive keywords" classname="isComplexQuery &amp;gt; Query Parser — Extended Tests" time="0.000026" file="dist/cinematch/search/queryParser.test.js" assertions="2" />
    <testcase name="should return null when GEMINI_API_KEY is missing" classname="parseQueryNLU — extended &amp;gt; Query Parser — Extended Tests" time="0.000504" file="dist/cinematch/search/queryParser.test.js" assertions="1" />
    <testcase name="should return null when API returns non-OK status" classname="parseQueryNLU — extended &amp;gt; Query Parser — Extended Tests" time="0.000268" file="dist/cinematch/search/queryParser.test.js" assertions="1" />
    <testcase name="should return null when fetch throws" classname="parseQueryNLU — extended &amp;gt; Query Parser — Extended Tests" time="0.00047" file="dist/cinematch/search/queryParser.test.js" assertions="1" />
    <testcase name="should build TV date filters when mediaType is &quot;tv&quot;" classname="parseQueryNLU — extended &amp;gt; Query Parser — Extended Tests" time="0.000378" file="dist/cinematch/search/queryParser.test.js" assertions="3" />
    <testcase name="should omit date filters when no decade is given" classname="parseQueryNLU — extended &amp;gt; Query Parser — Extended Tests" time="0.000327" file="dist/cinematch/search/queryParser.test.js" assertions="3" />
    <testcase name="should return null when LLM says not conversational and no structured filters" classname="parseQueryNLU — extended &amp;gt; Query Parser — Extended Tests" time="0.000189" file="dist/cinematch/search/queryParser.test.js" assertions="1" />
    <testcase name="should keep result when isConversational is false but genres are present" classname="parseQueryNLU — extended &amp;gt; Query Parser — Extended Tests" time="0.000234" file="dist/cinematch/search/queryParser.test.js" assertions="2" />
    <testcase name="should handle multiple genres in comma-separated format" classname="parseQueryNLU — extended &amp;gt; Query Parser — Extended Tests" time="0.000235" file="dist/cinematch/search/queryParser.test.js" assertions="1" />
  </testsuite>
  <testsuite name="dist/cinematch/ranking/positionBias.test.js" tests="3" assertions="0" failures="3" skipped="0" time="0" hostname="devbox">
    <testcase name="should compute IPS corrected weights properly" classname="Position Bias / IPS" time="0" file="dist/cinematch/ranking/positionBias.test.js" assertions="0">
      <failure type="AssertionError" />
    </testcase>
    <testcase name="should apply fallback propensity for unknown slots" classname="Position Bias / IPS" time="0" file="dist/cinematch/ranking/positionBias.test.js" assertions="0">
      <failure type="AssertionError" />
    </testcase>
    <testcase name="should cap extreme IPS weights using MAX_IPS_WEIGHT" classname="Position Bias / IPS" time="0" file="dist/cinematch/ranking/positionBias.test.js" assertions="0">
      <failure type="AssertionError" />
    </testcase>
  </testsuite>
  <testsuite name="dist/cinematch/ranking/phoenixScorer.advanced.test.js" tests="15" assertions="20" failures="0" skipped="0" time="0" hostname="devbox">
    <testcase name="should return a finite, non-NaN score" classname="scoreCandidate &amp;gt; Phoenix Scorer — Extended Tests" time="0.000655" file="dist/cinematch/ranking/phoenixScorer.advanced.test.js" assertions="2" />
    <testcase name="should return neutral genre affinity (0.3) when user has no genre vector" classname="scoreCandidate &amp;gt; Phoenix Scorer — Extended Tests" time="0.000052" file="dist/cinematch/ranking/phoenixScorer.advanced.test.js" assertions="0" />
    <testcase name="should give score of 0 for keyword affinity with no matching keywords" classname="scoreCandidate &amp;gt; Phoenix Scorer — Extended Tests" time="0.000084" file="dist/cinematch/ranking/phoenixScorer.advanced.test.js" assertions="1" />
    <testcase name="should boost cast affinity when candidate cast matches user vector" classname="scoreCandidate &amp;gt; Phoenix Scorer — Extended Tests" time="0.000082" file="dist/cinematch/ranking/phoenixScorer.advanced.test.js" assertions="1" />
    <testcase name="should boost director affinity when candidate matches user liked director" classname="scoreCandidate &amp;gt; Phoenix Scorer — Extended Tests" time="0.000201" file="dist/cinematch/ranking/phoenixScorer.advanced.test.js" assertions="1" />
    <testcase name="should penalize candidates with disliked director (negative directorVector)" classname="scoreCandidate &amp;gt; Phoenix Scorer — Extended Tests" time="0.000083" file="dist/cinematch/ranking/phoenixScorer.advanced.test.js" assertions="1" />
    <testcase name="should apply freshness decay — recent releases score higher than old ones" classname="scoreCandidate &amp;gt; Phoenix Scorer — Extended Tests" time="0.000119" file="dist/cinematch/ranking/phoenixScorer.advanced.test.js" assertions="1" />
    <testcase name="should apply quality score based on voteAverage and voteCount" classname="scoreCandidate &amp;gt; Phoenix Scorer — Extended Tests" time="0.000058" file="dist/cinematch/ranking/phoenixScorer.advanced.test.js" assertions="1" />
    <testcase name="should build correct sourceReason for all source types" classname="scoreCandidate &amp;gt; Phoenix Scorer — Extended Tests" time="0.000092" file="dist/cinematch/ranking/phoenixScorer.advanced.test.js" assertions="3" />
    <testcase name="should include seedTitle in sourceReason for tmdb_similar" classname="scoreCandidate &amp;gt; Phoenix Scorer — Extended Tests" time="0.000053" file="dist/cinematch/ranking/phoenixScorer.advanced.test.js" assertions="1" />
    <testcase name="should apply 4x momentum multiplier for new users" classname="scoreCandidates — cold start &amp;gt; Phoenix Scorer — Extended Tests" time="0.00037" file="dist/cinematch/ranking/phoenixScorer.advanced.test.js" assertions="1" />
    <testcase name="should apply session flat boost for cold-start users matching session genres" classname="scoreCandidates — cold start &amp;gt; Phoenix Scorer — Extended Tests" time="0.000125" file="dist/cinematch/ranking/phoenixScorer.advanced.test.js" assertions="1" />
    <testcase name="should include all top genres from genreVector" classname="buildSessionContext &amp;gt; Phoenix Scorer — Extended Tests" time="0.000386" file="dist/cinematch/ranking/phoenixScorer.advanced.test.js" assertions="3" />
    <testcase name="should exclude genres with weight &lt;= 0 from session" classname="buildSessionContext &amp;gt; Phoenix Scorer — Extended Tests" time="0.00012" file="dist/cinematch/ranking/phoenixScorer.advanced.test.js" assertions="2" />
    <testcase name="should propagate optional localHour to session context" classname="buildSessionContext &amp;gt; Phoenix Scorer — Extended Tests" time="0.000083" file="dist/cinematch/ranking/phoenixScorer.advanced.test.js" assertions="1" />
  </testsuite>
  <testsuite name="dist/cinematch/ranking/dynamicWeights.test.js" tests="5" assertions="0" failures="0" skipped="0" time="0" hostname="devbox">
    <testcase name="should return base weights for new users" classname="Dynamic Weights" time="0.000208" file="dist/cinematch/ranking/dynamicWeights.test.js" assertions="0" />
    <testcase name="should return base weights for users with few interactions" classname="Dynamic Weights" time="0.000066" file="dist/cinematch/ranking/dynamicWeights.test.js" assertions="0" />
    <testcase name="should return segmentation weights for early cold start interactions" classname="Dynamic Weights" time="0.000043" file="dist/cinematch/ranking/dynamicWeights.test.js" assertions="0" />
    <testcase name="should boost cast affinity for users with moderate cast interactions" classname="Dynamic Weights" time="0.000048" file="dist/cinematch/ranking/dynamicWeights.test.js" assertions="0" />
    <testcase name="should significantly boost cast and keyword affinity for heavy users" classname="Dynamic Weights" time="0.000137" file="dist/cinematch/ranking/dynamicWeights.test.js" assertions="0" />
  </testsuite>
  <testsuite name="dist/cinematch/ranking/diversityReranker.test.js" tests="3" assertions="6" failures="0" skipped="0" time="0" hostname="devbox">
    <testcase name="should apply genre saturation penalty" classname="Diversity Reranker" time="0.000447" file="dist/cinematch/ranking/diversityReranker.test.js" assertions="2" />
    <testcase name="should apply novelty boost for unfamiliar genres" classname="Diversity Reranker" time="0.000159" file="dist/cinematch/ranking/diversityReranker.test.js" assertions="2" />
    <testcase name="should apply serendipity boost for unexpected, high-quality content" classname="Diversity Reranker" time="0.000055" file="dist/cinematch/ranking/diversityReranker.test.js" assertions="2" />
  </testsuite>
  <testsuite name="dist/cinematch/ranking/phoenixScorer.test.js" tests="6" assertions="11" failures="0" skipped="0" time="0" hostname="devbox">
    <testcase name="should build session context correctly from recently watched" classname="Session Context &amp;gt; Phoenix Scorer" time="0.000219" file="dist/cinematch/ranking/phoenixScorer.test.js" assertions="2" />
    <testcase name="should return empty session if no recently watched items" classname="Session Context &amp;gt; Phoenix Scorer" time="0.000089" file="dist/cinematch/ranking/phoenixScorer.test.js" assertions="2" />
    <testcase name="should process candidates with session momentum boost" classname="scoreCandidates batch processing &amp;gt; Phoenix Scorer" time="0.000234" file="dist/cinematch/ranking/phoenixScorer.test.js" assertions="2" />
    <testcase name="should calculate base score using weights" classname="Phoenix Scorer" time="0.000077" file="dist/cinematch/ranking/phoenixScorer.test.js" assertions="3" />
    <testcase name="should boost score for matching genres" classname="Phoenix Scorer" time="0.000054" file="dist/cinematch/ranking/phoenixScorer.test.js" assertions="1" />
    <testcase name="should handle source boosting" classname="Phoenix Scorer" time="0.000147" file="dist/cinematch/ranking/phoenixScorer.test.js" assertions="1" />
  </testsuite>
  <testsuite name="dist/cinematch/ranking/exploration.test.js" tests="8" assertions="11" failures="0" skipped="0" time="0" hostname="devbox">
    <testcase name="should return ranked list unchanged for new users" classname="applyWildcardInjection" time="0.000453" file="dist/cinematch/ranking/exploration.test.js" assertions="1" />
    <testcase name="should return ranked list unchanged if fewer than 20 items" classname="applyWildcardInjection" time="0.000201" file="dist/cinematch/ranking/exploration.test.js" assertions="1" />
    <testcase name="should preserve total item count after injection" classname="applyWildcardInjection" time="0.000372" file="dist/cinematch/ranking/exploration.test.js" assertions="1" />
    <testcase name="should inject discovery items and mark them with correct source" classname="applyWildcardInjection" time="0.00028" file="dist/cinematch/ranking/exploration.test.js" assertions="2" />
    <testcase name="should not inject wildcards if no out-of-profile candidates exist" classname="applyWildcardInjection" time="0.000181" file="dist/cinematch/ranking/exploration.test.js" assertions="1" />
    <testcase name="should not inject if bottom slice has fewer wildcards than required" classname="applyWildcardInjection" time="0.000103" file="dist/cinematch/ranking/exploration.test.js" assertions="2" />
    <testcase name="should place injected wildcard within top-20 range" classname="applyWildcardInjection" time="0.000219" file="dist/cinematch/ranking/exploration.test.js" assertions="2" />
    <testcase name="should output sorted by score before injection" classname="applyWildcardInjection" time="0.000234" file="dist/cinematch/ranking/exploration.test.js" assertions="1" />
  </testsuite>
  <testsuite name="dist/cinematch/filtering/disliked.test.js" tests="5" assertions="8" failures="0" skipped="0" time="0" hostname="devbox">
    <testcase name="filters out disliked candidate from personalized source" classname="dislikedFilter" time="0.000184" file="dist/cinematch/filtering/disliked.test.js" assertions="2" />
    <testcase name="keeps disliked candidate from global source" classname="dislikedFilter" time="0.000055" file="dist/cinematch/filtering/disliked.test.js" assertions="3" />
    <testcase name="keeps non-disliked candidates from any source" classname="dislikedFilter" time="0.000035" file="dist/cinematch/filtering/disliked.test.js" assertions="1" />
    <testcase name="handles empty candidates array" classname="dislikedFilter" time="0.000024" file="dist/cinematch/filtering/disliked.test.js" assertions="1" />
    <testcase name="handles empty dislikedIds set" classname="dislikedFilter" time="0.000025" file="dist/cinematch/filtering/disliked.test.js" assertions="1" />
  </testsuite>
  <testsuite name="dist/cinematch/filtering/suppressedCategory.test.js" tests="5" assertions="10" failures="0" skipped="0" time="0" hostname="devbox">
    <testcase name="should return 1.0 when dislikes are below throttle start" classname="suppressedCategory - getCategoryKeepRatio" time="0.000184" file="dist/cinematch/filtering/suppressedCategory.test.js" assertions="2" />
    <testcase name="should return 1.0 at exactly throttle start" classname="suppressedCategory - getCategoryKeepRatio" time="0.000027" file="dist/cinematch/filtering/suppressedCategory.test.js" assertions="1" />
    <testcase name="should return 1.0 for negative dislikes" classname="suppressedCategory - getCategoryKeepRatio" time="0.000024" file="dist/cinematch/filtering/suppressedCategory.test.js" assertions="1" />
    <testcase name="should decrease the ratio as dislikes increase" classname="suppressedCategory - getCategoryKeepRatio" time="0.000047" file="dist/cinematch/filtering/suppressedCategory.test.js" assertions="3" />
    <testcase name="should hit the throttle floor for very high dislikes" classname="suppressedCategory - getCategoryKeepRatio" time="0.000038" file="dist/cinematch/filtering/suppressedCategory.test.js" assertions="3" />
  </testsuite>
  <testsuite name="dist/cinematch/filtering/quality.test.js" tests="13" assertions="19" failures="0" skipped="0" time="0" hostname="devbox">
    <testcase name="keeps candidates with 0 votes and 0 average (brand new titles)" classname="lowQualityFilter &amp;gt; Quality Filters" time="0.000139" file="dist/cinematch/filtering/quality.test.js" assertions="1" />
    <testcase name="filters out candidates with low vote count (0 &lt; voteCount &lt; 10)" classname="lowQualityFilter &amp;gt; Quality Filters" time="0.000034" file="dist/cinematch/filtering/quality.test.js" assertions="1" />
    <testcase name="keeps candidates with sufficient vote count (voteCount &gt;= 10)" classname="lowQualityFilter &amp;gt; Quality Filters" time="0.000022" file="dist/cinematch/filtering/quality.test.js" assertions="1" />
    <testcase name="filters out candidates with low vote average (0 &lt; voteAverage &lt; 4.5)" classname="lowQualityFilter &amp;gt; Quality Filters" time="0.000062" file="dist/cinematch/filtering/quality.test.js" assertions="1" />
    <testcase name="keeps candidates with sufficient vote average (voteAverage &gt;= 4.5)" classname="lowQualityFilter &amp;gt; Quality Filters" time="0.00005" file="dist/cinematch/filtering/quality.test.js" assertions="1" />
    <testcase name="filters out candidates failing both conditions" classname="lowQualityFilter &amp;gt; Quality Filters" time="0.000034" file="dist/cinematch/filtering/quality.test.js" assertions="1" />
    <testcase name="processes multiple candidates correctly" classname="lowQualityFilter &amp;gt; Quality Filters" time="0.00005" file="dist/cinematch/filtering/quality.test.js" assertions="4" />
    <testcase name="keeps candidates with release dates in the past" classname="releasedFilter &amp;gt; Quality Filters" time="0.000095" file="dist/cinematch/filtering/quality.test.js" assertions="1" />
    <testcase name="keeps candidates with release dates exactly equal to today" classname="releasedFilter &amp;gt; Quality Filters" time="0.000052" file="dist/cinematch/filtering/quality.test.js" assertions="1" />
    <testcase name="filters out candidates with release dates in the future" classname="releasedFilter &amp;gt; Quality Filters" time="0.000032" file="dist/cinematch/filtering/quality.test.js" assertions="1" />
    <testcase name="keeps candidates without a release date (null)" classname="releasedFilter &amp;gt; Quality Filters" time="0.000022" file="dist/cinematch/filtering/quality.test.js" assertions="1" />
    <testcase name="keeps candidates with empty release date" classname="releasedFilter &amp;gt; Quality Filters" time="0.000023" file="dist/cinematch/filtering/quality.test.js" assertions="1" />
    <testcase name="processes multiple candidates correctly" classname="releasedFilter &amp;gt; Quality Filters" time="0.000053" file="dist/cinematch/filtering/quality.test.js" assertions="4" />
  </testsuite>
  <testsuite name="dist/cinematch/filtering/alreadyWatched.test.js" tests="8" assertions="14" failures="0" skipped="0" time="0" hostname="devbox">
    <testcase name="should return all candidates if watchedIds is empty" classname="alreadyWatchedFilter" time="0.000172" file="dist/cinematch/filtering/alreadyWatched.test.js" assertions="2" />
    <testcase name="should filter out candidates that are in watchedIds" classname="alreadyWatchedFilter" time="0.00008" file="dist/cinematch/filtering/alreadyWatched.test.js" assertions="2" />
    <testcase name="should return an empty array if all candidates are in watchedIds" classname="alreadyWatchedFilter" time="0.000039" file="dist/cinematch/filtering/alreadyWatched.test.js" assertions="2" />
    <testcase name="should handle empty candidates array" classname="alreadyWatchedFilter" time="0.000023" file="dist/cinematch/filtering/alreadyWatched.test.js" assertions="1" />
    <testcase name="should return all candidates if favoritedIds is empty" classname="alreadyFavoritedFilter" time="0.000122" file="dist/cinematch/filtering/alreadyWatched.test.js" assertions="2" />
    <testcase name="should filter out candidates that are in favoritedIds" classname="alreadyFavoritedFilter" time="0.000043" file="dist/cinematch/filtering/alreadyWatched.test.js" assertions="2" />
    <testcase name="should return an empty array if all candidates are in favoritedIds" classname="alreadyFavoritedFilter" time="0.000037" file="dist/cinematch/filtering/alreadyWatched.test.js" assertions="2" />
    <testcase name="should handle empty candidates array" classname="alreadyFavoritedFilter" time="0.000025" file="dist/cinematch/filtering/alreadyWatched.test.js" assertions="1" />
  </testsuite>
  <testsuite name="dist/cinematch/filtering/deduplication.test.js" tests="4" assertions="7" failures="0" skipped="0" time="0" hostname="devbox">
    <testcase name="should return an empty array if given an empty array" classname="deduplicateFilter" time="0.000059" file="dist/cinematch/filtering/deduplication.test.js" assertions="1" />
    <testcase name="should return the same array if there are no duplicates" classname="deduplicateFilter" time="0.000097" file="dist/cinematch/filtering/deduplication.test.js" assertions="1" />
    <testcase name="should remove duplicate candidates based on tmdbId and mediaType" classname="deduplicateFilter" time="0.000044" file="dist/cinematch/filtering/deduplication.test.js" assertions="1" />
    <testcase name="should keep the first occurrence when duplicates exist" classname="deduplicateFilter" time="0.000052" file="dist/cinematch/filtering/deduplication.test.js" assertions="4" />
  </testsuite>
</testsuites>
